// Jest Snapshot v1, https://goo.gl/fbAQLP

exports[`Sort snapshots 1`] = `
<button
  className="button-inline button-active"
  onClick={[Function]}
  type="button"
/>
`;
