// Jest Snapshot v1, https://goo.gl/fbAQLP

exports[`Button snapshots 1`] = `
<button
  className=""
  onClick={undefined}
  type="button"
>
  Give Me More
</button>
`;

exports[`Loading snapshots 1`] = `[Function]`;
